Archive member included to satisfy reference by file (symbol)

c:/mounriver/mounriver_studio/toolchain/risc-v embedded gcc/bin/../lib/gcc/riscv-none-embed/8.2.0/rv32imacxw/ilp32\libgcc.a(save-restore.o)
                              ./User/PD_Process.o (__riscv_save_8)
c:/mounriver/mounriver_studio/toolchain/risc-v embedded gcc/bin/../lib/gcc/riscv-none-embed/8.2.0/../../../../riscv-none-embed/lib/rv32imacxw/ilp32\libg_nano.a(lib_a-memcpy.o)
                              ./User/PD_Process.o (memcpy)
c:/mounriver/mounriver_studio/toolchain/risc-v embedded gcc/bin/../lib/gcc/riscv-none-embed/8.2.0/../../../../riscv-none-embed/lib/rv32imacxw/ilp32\libg_nano.a(lib_a-memset.o)
                              ./User/PD_Process.o (memset)
c:/mounriver/mounriver_studio/toolchain/risc-v embedded gcc/bin/../lib/gcc/riscv-none-embed/8.2.0/../../../../riscv-none-embed/lib/rv32imacxw/ilp32\libg_nano.a(lib_a-printf.o)
                              ./User/PD_Process.o (printf)
c:/mounriver/mounriver_studio/toolchain/risc-v embedded gcc/bin/../lib/gcc/riscv-none-embed/8.2.0/../../../../riscv-none-embed/lib/rv32imacxw/ilp32\libg_nano.a(lib_a-puts.o)
                              ./User/PD_Process.o (puts)
c:/mounriver/mounriver_studio/toolchain/risc-v embedded gcc/bin/../lib/gcc/riscv-none-embed/8.2.0/../../../../riscv-none-embed/lib/rv32imacxw/ilp32\libg_nano.a(lib_a-wbuf.o)
                              c:/mounriver/mounriver_studio/toolchain/risc-v embedded gcc/bin/../lib/gcc/riscv-none-embed/8.2.0/../../../../riscv-none-embed/lib/rv32imacxw/ilp32\libg_nano.a(lib_a-puts.o) (__swbuf_r)
c:/mounriver/mounriver_studio/toolchain/risc-v embedded gcc/bin/../lib/gcc/riscv-none-embed/8.2.0/../../../../riscv-none-embed/lib/rv32imacxw/ilp32\libg_nano.a(lib_a-wsetup.o)
                              c:/mounriver/mounriver_studio/toolchain/risc-v embedded gcc/bin/../lib/gcc/riscv-none-embed/8.2.0/../../../../riscv-none-embed/lib/rv32imacxw/ilp32\libg_nano.a(lib_a-puts.o) (__swsetup_r)
c:/mounriver/mounriver_studio/toolchain/risc-v embedded gcc/bin/../lib/gcc/riscv-none-embed/8.2.0/../../../../riscv-none-embed/lib/rv32imacxw/ilp32\libg_nano.a(lib_a-fflush.o)
                              c:/mounriver/mounriver_studio/toolchain/risc-v embedded gcc/bin/../lib/gcc/riscv-none-embed/8.2.0/../../../../riscv-none-embed/lib/rv32imacxw/ilp32\libg_nano.a(lib_a-wbuf.o) (_fflush_r)
c:/mounriver/mounriver_studio/toolchain/risc-v embedded gcc/bin/../lib/gcc/riscv-none-embed/8.2.0/../../../../riscv-none-embed/lib/rv32imacxw/ilp32\libg_nano.a(lib_a-findfp.o)
                              c:/mounriver/mounriver_studio/toolchain/risc-v embedded gcc/bin/../lib/gcc/riscv-none-embed/8.2.0/../../../../riscv-none-embed/lib/rv32imacxw/ilp32\libg_nano.a(lib_a-printf.o) (__sinit)
c:/mounriver/mounriver_studio/toolchain/risc-v embedded gcc/bin/../lib/gcc/riscv-none-embed/8.2.0/../../../../riscv-none-embed/lib/rv32imacxw/ilp32\libg_nano.a(lib_a-fwalk.o)
                              c:/mounriver/mounriver_studio/toolchain/risc-v embedded gcc/bin/../lib/gcc/riscv-none-embed/8.2.0/../../../../riscv-none-embed/lib/rv32imacxw/ilp32\libg_nano.a(lib_a-findfp.o) (_fwalk)
c:/mounriver/mounriver_studio/toolchain/risc-v embedded gcc/bin/../lib/gcc/riscv-none-embed/8.2.0/../../../../riscv-none-embed/lib/rv32imacxw/ilp32\libg_nano.a(lib_a-impure.o)
                              c:/mounriver/mounriver_studio/toolchain/risc-v embedded gcc/bin/../lib/gcc/riscv-none-embed/8.2.0/../../../../riscv-none-embed/lib/rv32imacxw/ilp32\libg_nano.a(lib_a-fflush.o) (_global_impure_ptr)
c:/mounriver/mounriver_studio/toolchain/risc-v embedded gcc/bin/../lib/gcc/riscv-none-embed/8.2.0/../../../../riscv-none-embed/lib/rv32imacxw/ilp32\libg_nano.a(lib_a-makebuf.o)
                              c:/mounriver/mounriver_studio/toolchain/risc-v embedded gcc/bin/../lib/gcc/riscv-none-embed/8.2.0/../../../../riscv-none-embed/lib/rv32imacxw/ilp32\libg_nano.a(lib_a-wsetup.o) (__smakebuf_r)
c:/mounriver/mounriver_studio/toolchain/risc-v embedded gcc/bin/../lib/gcc/riscv-none-embed/8.2.0/../../../../riscv-none-embed/lib/rv32imacxw/ilp32\libg_nano.a(lib_a-nano-freer.o)
                              c:/mounriver/mounriver_studio/toolchain/risc-v embedded gcc/bin/../lib/gcc/riscv-none-embed/8.2.0/../../../../riscv-none-embed/lib/rv32imacxw/ilp32\libg_nano.a(lib_a-wsetup.o) (_free_r)
c:/mounriver/mounriver_studio/toolchain/risc-v embedded gcc/bin/../lib/gcc/riscv-none-embed/8.2.0/../../../../riscv-none-embed/lib/rv32imacxw/ilp32\libg_nano.a(lib_a-nano-mallocr.o)
                              c:/mounriver/mounriver_studio/toolchain/risc-v embedded gcc/bin/../lib/gcc/riscv-none-embed/8.2.0/../../../../riscv-none-embed/lib/rv32imacxw/ilp32\libg_nano.a(lib_a-findfp.o) (_malloc_r)
c:/mounriver/mounriver_studio/toolchain/risc-v embedded gcc/bin/../lib/gcc/riscv-none-embed/8.2.0/../../../../riscv-none-embed/lib/rv32imacxw/ilp32\libg_nano.a(lib_a-nano-vfprintf.o)
[...]
Memory Configuration

Name             Origin             Length             Attributes
FLASH            0x0000000000000000 0x000000000000f800 xr
RAM              0x0000000020000000 0x0000000000005000 xrw
*default*        0x0000000000000000 0xffffffffffffffff

Linker script and memory map

LOAD ./User/Device_GPIO_I2C.o
LOAD ./User/PD_Process.o
LOAD ./User/ch32x035_it.o
LOAD ./User/main.o
LOAD ./User/my_I2C_Device.o
LOAD ./User/my_PD_Device.o
LOAD ./User/my_SPI_Slave.o
LOAD ./User/system_ch32x035.o
LOAD ./Startup/startup_ch32x035.o
LOAD ./Peripheral/src/ch32x035_adc.o
LOAD ./Peripheral/src/ch32x035_awu.o
LOAD ./Peripheral/src/ch32x035_dbgmcu.o
LOAD ./Peripheral/src/ch32x035_dma.o
LOAD ./Peripheral/src/ch32x035_exti.o
LOAD ./Peripheral/src/ch32x035_flash.o
LOAD ./Peripheral/src/ch32x035_gpio.o
LOAD ./Peripheral/src/ch32x035_i2c.o
LOAD ./Peripheral/src/ch32x035_iwdg.o
LOAD ./Peripheral/src/ch32x035_misc.o
LOAD ./Peripheral/src/ch32x035_opa.o
LOAD ./Peripheral/src/ch32x035_pwr.o
LOAD ./Peripheral/src/ch32x035_rcc.o
LOAD ./Peripheral/src/ch32x035_spi.o
LOAD ./Peripheral/src/ch32x035_tim.o
LOAD ./Peripheral/src/ch32x035_usart.o
LOAD ./Peripheral/src/ch32x035_wwdg.o
LOAD ./Debug/debug.o
LOAD ./Core/core_riscv.o
LOAD c:/mounriver/mounriver_studio/toolchain/risc-v embedded gcc/bin/../lib/gcc/riscv-none-embed/8.2.0/rv32imacxw/ilp32\libgcc.a
LOAD c:/mounriver/mounriver_studio/toolchain/risc-v embedded gcc/bin/../lib/gcc/riscv-none-embed/8.2.0/../../../../riscv-none-embed/lib/rv32imacxw/ilp32\libg_nano.a
LOAD c:/mounriver/mounriver_studio/toolchain/risc-v embedded gcc/bin/../lib/gcc/riscv-none-embed/8.2.0/../../../../riscv-none-embed/lib/rv32imacxw/ilp32\libc_nano.a
LOAD c:/mounriver/mounriver_studio/toolchain/risc-v embedded gcc/bin/../lib/gcc/riscv-none-embed/8.2.0/rv32imacxw/ilp32\libgcc.a
START GROUP
LOAD c:/mounriver/mounriver_studio/toolchain/risc-v embedded gcc/bin/../lib/gcc/riscv-none-embed/8.2.0/rv32imacxw/ilp32\libgcc.a
LOAD c:/mounriver/mounriver_studio/toolchain/risc-v embedded gcc/bin/../lib/gcc/riscv-none-embed/8.2.0/../../../../riscv-none-embed/lib/rv32imacxw/ilp32\libc_nano.a
LOAD c:/mounriver/mounriver_studio/toolchain/risc-v embedded gcc/bin/../lib/gcc/riscv-none-embed/8.2.0/../../../../riscv-none-embed/lib/rv32imacxw/ilp32\libnosys.a
END GROUP
START GROUP
LOAD c:/mounriver/mounriver_studio/toolchain/risc-v embedded gcc/bin/../lib/gcc/riscv-none-embed/8.2.0/rv32imacxw/ilp32\libgcc.a
LOAD c:/mounriver/mounriver_studio/toolchain/risc-v embedded gcc/bin/../lib/gcc/riscv-none-embed/8.2.0/../../../../riscv-none-embed/lib/rv32imacxw/ilp32\libc_nano.a
LOAD c:/mounriver/mounriver_studio/toolchain/risc-v embedded gcc/bin/../lib/gcc/riscv-none-embed/8.2.0/../../../../riscv-none-embed/lib/rv32imacxw/ilp32\libnosys.a
END GROUP
                0x0000000000000800                __stack_size = 0x800
                [!provide]                        PROVIDE (_stack_size = __stack_size)

.init           0x0000000000000000        0x4
                0x0000000000000000                _sinit = .
                0x0000000000000000                . = ALIGN (0x4)
 *(SORT_NONE(.init))
 .init          0x0000000000000000        0x4 ./Startup/startup_ch32x035.o
                0x0000000000000000                _start
                0x0000000000000004                . = ALIGN (0x4)
                0x0000000000000004                _einit = .

.vector         0x0000000000000004       0xfc
 *(.vector)
 .vector        0x0000000000000004       0xdc ./Startup/startup_ch32x035.o
                0x0000000000000100                . = ALIGN (0x40)
 *fill*         0x00000000000000e0       0x20 

.text           0x0000000000000100     0x3eb4
                0x0000000000000100                . = ALIGN (0x4)
 *(.text)
 .text          0x0000000000000100       0x60 c:/mounriver/mounriver_studio/toolchain/risc-v embedded gcc/bin/../lib/gcc/riscv-none-embed/8.2.0/rv32imacxw/ilp32\libgcc.a(save-restore.o)
                0x0000000000000100                __riscv_save_12
                0x0000000000000108                __riscv_save_9
                0x0000000000000108                __riscv_save_11
                0x0000000000000108                __riscv_save_10
                0x0000000000000108                __riscv_save_8
                0x0000000000000116                __riscv_save_4
                0x0000000000000116                __riscv_save_6
                0x0000000000000116                __riscv_save_5
                0x0000000000000116                __riscv_save_7
                0x0000000000000130                __riscv_save_3
                0x0000000000000130                __riscv_save_2
                0x0000000000000130                __riscv_save_1
                0x0000000000000130                __riscv_save_0
                0x000000000000013c                __riscv_restore_12
                0x0000000000000140                __riscv_restore_11
                0x0000000000000140                __riscv_restore_9
                0x0000000000000140                __riscv_restore_10
                0x0000000000000140                __riscv_restore_8
                0x000000000000014a                __riscv_restore_5
                0x000000000000014a                __riscv_restore_7
                0x000000000000014a                __riscv_restore_6
                0x000000000000014a                __riscv_restore_4
                0x0000000000000154                __riscv_restore_3
                0x0000000000000154                __riscv_restore_0
                0x0000000000000154                __riscv_restore_2
                0x0000000000000154                __riscv_restore_1
 .text          0x0000000000000160       0xa8 c:/mounriver/mounriver_studio/toolchain/risc-v embedded gcc/bin/../lib/gcc/riscv-none-embed/8.2.0/../../../../riscv-none-embed/lib/rv32imacxw/ilp32\libg_nano.a(lib_a-memset.o)
                0x0000000000000160                memset
 *(.text.*)
 .text.Device_GPIO_I2C_Init
                0x0000000000000208       0x58 ./User/Device_GPIO_I2C.o
                0x0000000000000208                Device_GPIO_I2C_Init
 .text.Device_GPIO_I2C_SDA_INPUT
                0x0000000000000260       0x22 ./User/Device_GPIO_I2C.o
                0x0000000000000260                Device_GPIO_I2C_SDA_INPUT
 .text.Device_GPIO_I2C_SDA_OUTPUT
                0x0000000000000282       0x22 ./User/Device_GPIO_I2C.o
                0x0000000000000282                Device_GPIO_I2C_SDA_OUTPUT
 .text.Device_I2C_W_SCL
                0x00000000000002a4       0x1a ./User/Device_GPIO_I2C.o
                0x00000000000002a4                Device_I2C_W_SCL
 .text.Device_I2C_W_SDA
                0x00000000000002be       0x1a ./User/Device_GPIO_I2C.o
                0x00000000000002be                Device_I2C_W_SDA
 .text.Device_I2C_Start
                0x00000000000002d8       0x16 ./User/Device_GPIO_I2C.o
                0x00000000000002d8                Device_I2C_Start
 .text.Device_I2C_Stop
                0x00000000000002ee       0x16 ./User/Device_GPIO_I2C.o
                0x00000000000002ee                Device_I2C_Stop
 .text.Device_I2C_SendByte
                0x0000000000000304       0x28 ./User/Device_GPIO_I2C.o
                0x0000000000000304                Device_I2C_SendByte
 .text.Device_I2C_R_SDA
                0x000000000000032c       0x1c ./User/Device_GPIO_I2C.o
                0x000000000000032c                Device_I2C_R_SDA
 .text.Device_I2C_ReceiveByte
                0x0000000000000348       0x3a ./User/Device_GPIO_I2C.o
                0x0000000000000348                Device_I2C_ReceiveByte
 .text.Device_I2C_ReceiveACK
                0x0000000000000382       0x18 ./User/Device_GPIO_I2C.o
                0x0000000000000382                Device_I2C_ReceiveACK
 .text.Device_I2C_SendACK
                0x000000000000039a       0x10 ./User/Device_GPIO_I2C.o
                0x000000000000039a                Device_I2C_SendACK
 .text.Device_I2C_ReadReg
                0x00000000000003aa       0x2e ./User/Device_GPIO_I2C.o
                0x00000000000003aa                Device_I2C_ReadReg
 .text.Device_I2C_WriteReg
                0x00000000000003d8       0x28 ./User/Device_GPIO_I2C.o
                0x00000000000003d8                Device_I2C_WriteReg
 .text.my_PD_Valve_Receive
                0x0000000000000400       0x7a ./User/PD_Process.o
                0x0000000000000400                my_PD_Valve_Receive
 .text.my_set_Vbus_Current
                0x000000000000047a       0x34 ./User/PD_Process.o
                0x000000000000047a                my_set_Vbus_Current
 .text.my_switch_state_pd
                0x00000000000004ae        0xc ./User/PD_Process.o
                0x00000000000004ae                my_switch_state_pd
 .text.get_PD_Vbus_Current
                0x00000000000004ba       0x26 ./User/PD_Process.o
                0x00000000000004ba                get_PD_Vbus_Current
 .text.PD_Rx_Mode
                0x00000000000004e0       0x52 ./User/PD_Process.o
                0x00000000000004e0                PD_Rx_Mode
 .text.PD_SRC_Init
                0x0000000000000532       0x1e ./User/PD_Process.o
                0x0000000000000532                PD_SRC_Init
 .text.PD_SINK_Init
                0x0000000000000550       0x1a ./User/PD_Process.o
                0x0000000000000550                PD_SINK_Init
 .text.PD_PHY_Reset
                0x000000000000056a       0x50 ./User/PD_Process.o
                0x000000000000056a                PD_PHY_Reset
 .text.PD_Init  0x00000000000005ba       0x58 ./User/PD_Process.o
                0x00000000000005ba                PD_Init
 .text.PD_Detect
                0x0000000000000612      0x286 ./User/PD_Process.o
                0x0000000000000612                PD_Detect
 .text.PD_Det_Proc
                0x0000000000000898      0x172 ./User/PD_Process.o
                0x0000000000000898                PD_Det_Proc
 .text.PD_Phy_SendPack
                0x0000000000000a0a       0xbe ./User/PD_Process.o
                0x0000000000000a0a                PD_Phy_SendPack
 .text.USBPD_IRQHandler
                0x0000000000000ac8       0xf6 ./User/PD_Process.o
                0x0000000000000ac8                USBPD_IRQHandler
 .text.PD_Send_Handle.part.4
                0x0000000000000bbe       0xb0 ./User/PD_Process.o
 .text.PD_Load_Header
                0x0000000000000c6e       0x4e ./User/PD_Process.o
                0x0000000000000c6e                PD_Load_Header
 .text.PD_Send_Handle
                0x0000000000000cbc       0x1e ./User/PD_Process.o
                0x0000000000000cbc                PD_Send_Handle
 .text.PD_Save_Adapter_SrcCap
                0x0000000000000cda       0x66 ./User/PD_Process.o
                0x0000000000000cda                PD_Save_Adapter_SrcCap
 .text.PD_PDO_Analyse
                0x0000000000000d40       0x36 ./User/PD_Process.o
                0x0000000000000d40                PD_PDO_Analyse
 .text.PDO_Request
                0x0000000000000d76       0xae ./User/PD_Process.o
                0x0000000000000d76                PDO_Request
 .text.PD_Main_Proc
                0x0000000000000e24      0x4d8 ./User/PD_Process.o
                0x0000000000000e24                PD_Main_Proc
 .text.my_pd_close_valve
                0x00000000000012fc       0x20 ./User/PD_Process.o
                0x00000000000012fc                my_pd_close_valve
 .text.my_pd_open_valve
                0x000000000000131c       0x20 ./User/PD_Process.o
                0x000000000000131c                my_pd_open_valve
 .text.my_pd_check_valve
                0x000000000000133c       0x20 ./User/PD_Process.o
                0x000000000000133c                my_pd_check_valve
 .text.NMI_Handler
                0x000000000000135c        0x2 ./User/ch32x035_it.o
                0x000000000000135c                NMI_Handler
 .text.HardFault_Handler
                0x000000000000135e        0x2 ./User/ch32x035_it.o
                0x000000000000135e                HardFault_Handler
 .text.ADC_VBUS_CAP_Init
                0x0000000000001360       0x7e ./User/main.o
                0x0000000000001360                ADC_VBUS_CAP_Init
 .text.my_rcc   0x00000000000013de       0x16 ./User/main.o
                0x00000000000013de                my_rcc
 .text.IWDG_Feed_Init
                0x00000000000013f4       0x32 ./User/main.o
                0x00000000000013f4                IWDG_Feed_Init
 .text.startup.main
                0x0000000000001426       0x82 ./User/main.o
                0x0000000000001426                main
 .text.my_SC8726_Init
                0x00000000000014a8       0x12 ./User/my_I2C_Device.o
                0x00000000000014a8                my_SC8726_Init
 .text.my_SC8726_Set_Out_Vbus
                0x00000000000014ba       0x74 ./User/my_I2C_Device.o
                0x00000000000014ba                my_SC8726_Set_Out_Vbus
 .text.my_SC8726_Close_Vbus
                0x000000000000152e       0x16 ./User/my_I2C_Device.o
                0x000000000000152e                my_SC8726_Close_Vbus
 .text.get_SC8726_Vbus_Out_Status
                0x0000000000001544        0x6 ./User/my_I2C_Device.o
                0x0000000000001544                get_SC8726_Vbus_Out_Status
 .text.my_SC8726_Init_Handle
                0x000000000000154a       0xd2 ./User/my_I2C_Device.o
                0x000000000000154a                my_SC8726_Init_Handle
 .text.my_SC8726_Control_Handle
                0x000000000000161c      0x150 ./User/my_I2C_Device.o
                0x000000000000161c                my_SC8726_Control_Handle
 .text.my_SC8726_Handle
                0x000000000000176c       0x20 ./User/my_I2C_Device.o
                0x000000000000176c                my_SC8726_Handle
 .text.TIM1_Init
                0x000000000000178c       0x62 ./User/my_PD_Device.o
                0x000000000000178c                TIM1_Init
 .text.get_PD_Status
                0x00000000000017ee        0x6 ./User/my_PD_Device.o
                0x00000000000017ee                get_PD_Status
 .text.my_PD_Status_init
                0x00000000000017f4       0x3e ./User/my_PD_Device.o
                0x00000000000017f4                my_PD_Status_init
 .text.set_PD_STATUS_SRC
                0x0000000000001832       0x14 ./User/my_PD_Device.o
                0x0000000000001832                set_PD_STATUS_SRC
 .text.set_PD_STATUS_SNK
                0x0000000000001846       0x12 ./User/my_PD_Device.o
                0x0000000000001846                set_PD_STATUS_SNK
 .text.GPIO_Toggle_INIT
                0x0000000000001858       0x78 ./User/my_PD_Device.o
                0x0000000000001858                GPIO_Toggle_INIT
 .text.my_VBus_Countrol
                0x00000000000018d0       0x7c ./User/my_PD_Device.o
                0x00000000000018d0                my_VBus_Countrol
 .text.my_TIM_Handle
                0x000000000000194c       0x38 ./User/my_PD_Device.o
                0x000000000000194c                my_TIM_Handle
 .text.my_PD_Handle
                0x0000000000001984       0x2e ./User/my_PD_Device.o
                0x0000000000001984                my_PD_Handle
 .text.TIM1_UP_IRQHandler
                0x00000000000019b2       0x30 ./User/my_PD_Device.o
                0x00000000000019b2                TIM1_UP_IRQHandler
 .text.my_SPI_Data_Init
                0x00000000000019e2       0x50 ./User/my_SPI_Slave.o
                0x00000000000019e2                my_SPI_Data_Init
 .text.my_SPI_Device_Init
                0x0000000000001a32      0x102 ./User/my_SPI_Slave.o
                0x0000000000001a32                my_SPI_Device_Init
 .text.my_SPI_Selve_Init
                0x0000000000001b34       0x22 ./User/my_SPI_Slave.o
                0x0000000000001b34                my_SPI_Selve_Init
 .text.my_SPI_ControlData_on
                0x0000000000001b56       0x18 ./User/my_SPI_Slave.o
                0x0000000000001b56                my_SPI_ControlData_on
 .text.my_SPI_ControlData_off
                0x0000000000001b6e       0x18 ./User/my_SPI_Slave.o
                0x0000000000001b6e                my_SPI_ControlData_off
 .text.SPI1_IRQHandler
                0x0000000000001b86       0xee ./User/my_SPI_Slave.o
                0x0000000000001b86                SPI1_IRQHandler
 .text.EXTI7_0_IRQHandler
                0x0000000000001c74       0x6c ./User/my_SPI_Slave.o
                0x0000000000001c74                EXTI7_0_IRQHandler
 .text.my_spi_SNK
                0x0000000000001ce0       0x56 ./User/my_SPI_Slave.o
                0x0000000000001ce0                my_spi_SNK
 .text.my_spi_SRC
                0x0000000000001d36       0x5e ./User/my_SPI_Slave.o
                0x0000000000001d36                my_spi_SRC
 .text.my_spi_set_hall
                0x0000000000001d94        0xc ./User/my_SPI_Slave.o
                0x0000000000001d94                my_spi_set_hall
 .text.my_spi_disconnect
                0x0000000000001da0       0x24 ./User/my_SPI_Slave.o
                0x0000000000001da0                my_spi_disconnect
 .text.my_spi_handle
                0x0000000000001dc4      0x1a4 ./User/my_SPI_Slave.o
                0x0000000000001dc4                my_spi_handle
 .text.SystemInit
                0x0000000000001f68       0x42 ./User/system_ch32x035.o
                0x0000000000001f68                SystemInit
 .text.SystemCoreClockUpdate
                0x0000000000001faa       0x3a ./User/system_ch32x035.o
                0x0000000000001faa                SystemCoreClockUpdate
 .text.vector_handler
                0x0000000000001fe4        0x2 ./Startup/startup_ch32x035.o
                0x0000000000001fe4                TIM1_CC_IRQHandler
                0x0000000000001fe4                TIM2_UP_IRQHandler
                0x0000000000001fe4                SysTick_Handler
                0x0000000000001fe4                PVD_IRQHandler
                0x0000000000001fe4                EXTI25_16_IRQHandler
                0x0000000000001fe4                USBFS_IRQHandler
                0x0000000000001fe4                Break_Point_Handler
                0x0000000000001fe4                TIM2_TRG_COM_IRQHandler
                0x0000000000001fe4                TIM2_CC_IRQHandler
                0x0000000000001fe4                AWU_IRQHandler
                0x0000000000001fe4                Ecall_M_Mode_Handler
                0x0000000000001fe4                DMA1_Channel4_IRQHandler
                0x0000000000001fe4                ADC1_IRQHandler
                0x0000000000001fe4                TIM2_BRK_IRQHandler
                0x0000000000001fe4                USART3_IRQHandler
                0x0000000000001fe4                DMA1_Channel7_IRQHandler
                0x0000000000001fe4                USBPDWakeUp_IRQHandler
                0x0000000000001fe4                EXTI15_8_IRQHandler
                0x0000000000001fe4                I2C1_EV_IRQHandler
                0x0000000000001fe4                USART4_IRQHandler
                0x0000000000001fe4                DMA1_Channel6_IRQHandler
                0x0000000000001fe4                TIM3_IRQHandler
                0x0000000000001fe4                TIM1_TRG_COM_IRQHandler
                0x0000000000001fe4                DMA1_Channel1_IRQHandler
                0x0000000000001fe4                DMA1_Channel8_IRQHandler
                0x0000000000001fe4                PIOC_IRQHandler
                0x0000000000001fe4                DMA1_Channel5_IRQHandler
                0x0000000000001fe4                DMA1_Channel3_IRQHandler
                0x0000000000001fe4                WWDG_IRQHandler
                0x0000000000001fe4                Ecall_U_Mode_Handler
                0x0000000000001fe4                SW_Handler
                0x0000000000001fe4                TIM1_BRK_IRQHandler
                0x0000000000001fe4                OPA_IRQHandler
                0x0000000000001fe4                USART2_IRQHandler
                0x0000000000001fe4                DMA1_Channel2_IRQHandler
                0x0000000000001fe4                FLASH_IRQHandler
                0x0000000000001fe4                USBFSWakeUp_IRQHandler
                0x0000000000001fe4                USART1_IRQHandler
                0x0000000000001fe4                I2C1_ER_IRQHandler
 .text.handle_reset
                0x0000000000001fe6       0x86 ./Startup/startup_ch32x035.o
                0x0000000000001fe6                handle_reset
 .text.ADC_DeInit
                0x000000000000206c       0x26 ./Peripheral/src/ch32x035_adc.o
                0x000000000000206c                ADC_DeInit
 .text.ADC_Init
                0x0000000000002092       0x56 ./Peripheral/src/ch32x035_adc.o
                0x0000000000002092                ADC_Init
 .text.ADC_Cmd  0x00000000000020e8       0x10 ./Peripheral/src/ch32x035_adc.o
                0x00000000000020e8                ADC_Cmd
 .text.ADC_CLKConfig
                0x00000000000020f8        0xc ./Peripheral/src/ch32x035_adc.o
                0x00000000000020f8                ADC_CLKConfig
 .text.DBGMCU_GetCHIPID
                0x0000000000002104        0xa ./Peripheral/src/ch32x035_dbgmcu.o
                0x0000000000002104                DBGMCU_GetCHIPID
 .text.EXTI_Init
                0x000000000000210e       0x6a ./Peripheral/src/ch32x035_exti.o
                0x000000000000210e                EXTI_Init
 .text.EXTI_GetITStatus
                0x0000000000002178       0x1e ./Peripheral/src/ch32x035_exti.o
                0x0000000000002178                EXTI_GetITStatus
 .text.EXTI_ClearITPendingBit
                0x0000000000002196        0xa ./Peripheral/src/ch32x035_exti.o
                0x0000000000002196                EXTI_ClearITPendingBit
 .text.GPIO_Init
                0x00000000000021a0      0x16e ./Peripheral/src/ch32x035_gpio.o
                0x00000000000021a0                GPIO_Init
 .text.GPIO_ReadInputDataBit
                0x000000000000230e        0xa ./Peripheral/src/ch32x035_gpio.o
                0x000000000000230e                GPIO_ReadInputDataBit
 .text.GPIO_WriteBit
                0x0000000000002318       0x14 ./Peripheral/src/ch32x035_gpio.o
                0x0000000000002318                GPIO_WriteBit
 .text.GPIO_PinRemapConfig
                0x000000000000232c       0xa0 ./Peripheral/src/ch32x035_gpio.o
                0x000000000000232c                GPIO_PinRemapConfig
 .text.GPIO_EXTILineConfig
                0x00000000000023cc       0x2e ./Peripheral/src/ch32x035_gpio.o
                0x00000000000023cc                GPIO_EXTILineConfig
 .text.IWDG_WriteAccessCmd
                0x00000000000023fa        0x8 ./Peripheral/src/ch32x035_iwdg.o
                0x00000000000023fa                IWDG_WriteAccessCmd
 .text.IWDG_SetPrescaler
                0x0000000000002402        0x8 ./Peripheral/src/ch32x035_iwdg.o
                0x0000000000002402                IWDG_SetPrescaler
 .text.IWDG_SetReload
                0x000000000000240a        0x8 ./Peripheral/src/ch32x035_iwdg.o
                0x000000000000240a                IWDG_SetReload
 .text.IWDG_ReloadCounter
                0x0000000000002412        0xe ./Peripheral/src/ch32x035_iwdg.o
                0x0000000000002412                IWDG_ReloadCounter
 .text.IWDG_Enable
                0x0000000000002420        0xe ./Peripheral/src/ch32x035_iwdg.o
                0x0000000000002420                IWDG_Enable
 .text.NVIC_PriorityGroupConfig
                0x000000000000242e        0x6 ./Peripheral/src/ch32x035_misc.o
                0x000000000000242e                NVIC_PriorityGroupConfig
 .text.NVIC_Init
                0x0000000000002434       0x54 ./Peripheral/src/ch32x035_misc.o
                0x0000000000002434                NVIC_Init
 .text.RCC_GetClocksFreq
                0x0000000000002488       0x3e ./Peripheral/src/ch32x035_rcc.o
                0x0000000000002488                RCC_GetClocksFreq
 .text.RCC_APB2PeriphClockCmd
                0x00000000000024c6       0x1e ./Peripheral/src/ch32x035_rcc.o
                0x00000000000024c6                RCC_APB2PeriphClockCmd
 .text.RCC_APB2PeriphResetCmd
                0x00000000000024e4       0x1e ./Peripheral/src/ch32x035_rcc.o
                0x00000000000024e4                RCC_APB2PeriphResetCmd
 .text.SPI_Init
                0x0000000000002502       0x32 ./Peripheral/src/ch32x035_spi.o
                0x0000000000002502                SPI_Init
 .text.SPI_Cmd  0x0000000000002534       0x1a ./Peripheral/src/ch32x035_spi.o
                0x0000000000002534                SPI_Cmd
 .text.SPI_I2S_ITConfig
                0x000000000000254e       0x1e ./Peripheral/src/ch32x035_spi.o
                0x000000000000254e                SPI_I2S_ITConfig
 .text.SPI_I2S_SendData
                0x000000000000256c        0x4 ./Peripheral/src/ch32x035_spi.o
                0x000000000000256c                SPI_I2S_SendData
 .text.SPI_I2S_ReceiveData
                0x0000000000002570        0x4 ./Peripheral/src/ch32x035_spi.o
                0x0000000000002570                SPI_I2S_ReceiveData
 .text.SPI_I2S_GetITStatus
                0x0000000000002574       0x28 ./Peripheral/src/ch32x035_spi.o
                0x0000000000002574                SPI_I2S_GetITStatus
 .text.SPI_I2S_ClearITPendingBit
                0x000000000000259c       0x14 ./Peripheral/src/ch32x035_spi.o
                0x000000000000259c                SPI_I2S_ClearITPendingBit
 .text.TIM_TimeBaseInit
                0x00000000000025b0       0x56 ./Peripheral/src/ch32x035_tim.o
                0x00000000000025b0                TIM_TimeBaseInit
 .text.TIM_Cmd  0x0000000000002606       0x18 ./Peripheral/src/ch32x035_tim.o
                0x0000000000002606                TIM_Cmd
 .text.TIM_ITConfig
                0x000000000000261e       0x12 ./Peripheral/src/ch32x035_tim.o
                0x000000000000261e                TIM_ITConfig
 .text.TIM_GetITStatus
                0x0000000000002630       0x18 ./Peripheral/src/ch32x035_tim.o
                0x0000000000002630                TIM_GetITStatus
 .text.TIM_ClearITPendingBit
                0x0000000000002648        0xc ./Peripheral/src/ch32x035_tim.o
                0x0000000000002648                TIM_ClearITPendingBit
 .text.USART_Init
                0x0000000000002654       0x90 ./Peripheral/src/ch32x035_usart.o
                0x0000000000002654                USART_Init
 .text.USART_Cmd
                0x00000000000026e4       0x16 ./Peripheral/src/ch32x035_usart.o
                0x00000000000026e4                USART_Cmd
 .text.USART_SendData
                0x00000000000026fa        0x8 ./Peripheral/src/ch32x035_usart.o
                0x00000000000026fa                USART_SendData
 .text.USART_GetFlagStatus
                0x0000000000002702        0xa ./Peripheral/src/ch32x035_usart.o
                0x0000000000002702                USART_GetFlagStatus
 .text.Delay_Init
                0x000000000000270c       0x26 ./Debug/debug.o
                0x000000000000270c                Delay_Init
 .text.Delay_Us
                0x0000000000002732       0x36 ./Debug/debug.o
                0x0000000000002732                Delay_Us
 .text.Delay_Ms
                0x0000000000002768       0x36 ./Debug/debug.o
                0x0000000000002768                Delay_Ms
 .text.USART_Printf_Init
                0x000000000000279e       0x60 ./Debug/debug.o
                0x000000000000279e                USART_Printf_Init
 .text._write   0x00000000000027fe       0x3e ./Debug/debug.o
                0x00000000000027fe                _write
 .text._sbrk    0x000000000000283c       0x26 ./Debug/debug.o
                0x000000000000283c                _sbrk
 .text.memcpy   0x0000000000002862       0xb2 c:/mounriver/mounriver_studio/toolchain/risc-v embedded gcc/bin/../lib/gcc/riscv-none-embed/8.2.0/../../../../riscv-none-embed/lib/rv32imacxw/ilp32\libg_nano.a(lib_a-memcpy.o)
                0x0000000000002862                memcpy
 .text.printf   0x0000000000002914       0x40 c:/mounriver/mounriver_studio/toolchain/risc-v embedded gcc/bin/../lib/gcc/riscv-none-embed/8.2.0/../../../../riscv-none-embed/lib/rv32imacxw/ilp32\libg_nano.a(lib_a-printf.o)
                0x0000000000002914                iprintf
                0x0000000000002914                printf
 .text._puts_r  0x0000000000002954       0xd4 c:/mounriver/mounriver_studio/toolchain/risc-v embedded gcc/bin/../lib/gcc/riscv-none-embed/8.2.0/../../../../riscv-none-embed/lib/rv32imacxw/ilp32\libg_nano.a(lib_a-puts.o)
                0x0000000000002954                _puts_r
 .text.puts     0x0000000000002a28        0xc c:/mounriver/mounriver_studio/toolchain/risc-v embedded gcc/bin/../lib/gcc/riscv-none-embed/8.2.0/../../../../riscv-none-embed/lib/rv32imacxw/ilp32\libg_nano.a(lib_a-puts.o)
                0x0000000000002a28                puts
 .text.__swbuf_r
                0x0000000000002a34       0xbc c:/mounriver/mounriver_studio/toolchain/risc-v embedded gcc/bin/../lib/gcc/riscv-none-embed/8.2.0/../../../../riscv-none-embed/lib/rv32imacxw/ilp32\libg_nano.a(lib_a-wbuf.o)
                0x0000000000002a34                __swbuf_r
 .text.__swsetup_r
                0x0000000000002af0       0xfc c:/mounriver/mounriver_studio/toolchain/risc-v embedded gcc/bin/../lib/gcc/riscv-none-embed/8.2.0/../../../../riscv-none-embed/lib/rv32imacxw/ilp32\libg_nano.a(lib_a-wsetup.o)
                0x0000000000002af0                __swsetup_r
 .text.__sflush_r
                0x0000000000002bec      0x130 c:/mounriver/mounriver_studio/toolchain/risc-v embedded gcc/bin/../lib/gcc/riscv-none-embed/8.2.0/../../../../riscv-none-embed/lib/rv32imacxw/ilp32\libg_nano.a(lib_a-fflush.o)
                0x0000000000002bec                __sflush_r
 .text._fflush_r
                0x0000000000002d1c       0x66 c:/mounriver/mounriver_studio/toolchain/risc-v embedded gcc/bin/../lib/gcc/riscv-none-embed/8.2.0/../../../../riscv-none-embed/lib/rv32imacxw/ilp32\libg_nano.a(lib_a-fflush.o)
                0x0000000000002d1c                _fflush_r
 .text.std      0x0000000000002d82       0x66 c:/mounriver/mounriver_studio/toolchain/risc-v embedded gcc/bin/../lib/gcc/riscv-none-embed/8.2.0/../../../../riscv-none-embed/lib/rv32imacxw/ilp32\libg_nano.a(lib_a-findfp.o)
 .text._cleanup_r
                0x0000000000002de8        0xa c:/mounriver/mounriver_studio/toolchain/risc-v embedded gcc/bin/../lib/gcc/riscv-none-embed/8.2.0/../../../../riscv-none-embed/lib/rv32imacxw/ilp32\libg_nano.a(lib_a-findfp.o)
                0x0000000000002de8                _cleanup_r
 .text.__sfmoreglue
                0x0000000000002df2       0x46 c:/mounriver/mounriver_studio/toolchain/risc-v embedded gcc/bin/../lib/gcc/riscv-none-embed/8.2.0/../../../../riscv-none-embed/lib/rv32imacxw/ilp32\libg_nano.a(lib_a-findfp.o)
                0x0000000000002df2                __sfmoreglue
 .text.__sinit  0x0000000000002e38       0x6c c:/mounriver/mounriver_studio/toolchain/risc-v embedded gcc/bin/../lib/gcc/riscv-none-embed/8.2.0/../../../../riscv-none-embed/lib/rv32imacxw/ilp32\libg_nano.a(lib_a-findfp.o)
                0x0000000000002e38                __sinit
 .text.__sfp    0x0000000000002ea4       0xa0 c:/mounriver/mounriver_studio/toolchain/risc-v embedded gcc/bin/../lib/gcc/riscv-none-embed/8.2.0/../../../../riscv-none-embed/lib/rv32imacxw/ilp32\libg_nano.a(lib_a-findfp.o)
                0x0000000000002ea4                __sfp
 .text._fwalk_reent
                0x0000000000002f44       0x6a c:/mounriver/mounriver_studio/toolchain/risc-v embedded gcc/bin/../lib/gcc/riscv-none-embed/8.2.0/../../../../riscv-none-embed/lib/rv32imacxw/ilp32\libg_nano.a(lib_a-fwalk.o)
                0x0000000000002f44                _fwalk_reent
 .text.__swhatbuf_r
                0x0000000000002fae       0x58 c:/mounriver/mounriver_studio/toolchain/risc-v embedded gcc/bin/../lib/gcc/riscv-none-embed/8.2.0/../../../../riscv-none-embed/lib/rv32imacxw/ilp32\libg_nano.a(lib_a-makebuf.o)
                0x0000000000002fae                __swhatbuf_r
 .text.__smakebuf_r
                0x0000000000003006       0x92 c:/mounriver/mounriver_studio/toolchain/risc-v embedded gcc/bin/../lib/gcc/riscv-none-embed/8.2.0/../../../../riscv-none-embed/lib/rv32imacxw/ilp32\libg_nano.a(lib_a-makebuf.o)
                0x0000000000003006                __smakebuf_r
 .text._free_r  0x0000000000003098       0xa8 c:/mounriver/mounriver_studio/toolchain/risc-v embedded gcc/bin/../lib/gcc/riscv-none-embed/8.2.0/../../../../riscv-none-embed/lib/rv32imacxw/ilp32\libg_nano.a(lib_a-nano-freer.o)
                0x0000000000003098                _free_r
 .text._malloc_r
                0x0000000000003140       0xd4 c:/mounriver/mounriver_studio/toolchain/risc-v embedded gcc/bin/../lib/gcc/riscv-none-embed/8.2.0/../../../../riscv-none-embed/lib/rv32imacxw/ilp32\libg_nano.a(lib_a-nano-mallocr.o)
                0x0000000000003140                _malloc_r
 .text.__sfputc_r
                0x0000000000003214       0x28 c:/mounriver/mounriver_studio/toolchain/risc-v embedded gcc/bin/../lib/gcc/riscv-none-embed/8.2.0/../../../../riscv-none-embed/lib/rv32imacxw/ilp32\libg_nano.a(lib_a-nano-vfprintf.o)
 .text.__sfputs_r
                0x000000000000323c       0x42 c:/mounriver/mounriver_studio/toolchain/risc-v embedded gcc/bin/../lib/gcc/riscv-none-embed/8.2.0/../../../../riscv-none-embed/lib/rv32imacxw/ilp32\libg_nano.a(lib_a-nano-vfprintf.o)
                0x000000000000323c                __sfputs_r
 .text._vfprintf_r
                0x000000000000327e      0x288 c:/mounriver/mounriver_studio/toolchain/risc-v embedded gcc/bin/../lib/gcc/riscv-none-embed/8.2.0/../../../../riscv-none-embed/lib/rv32imacxw/ilp32\libg_nano.a(lib_a-nano-vfprintf.o)
                0x000000000000327e                _vfprintf_r
                0x000000000000327e                _vfiprintf_r
 .text._printf_common
                0x0000000000003506      0x10c c:/mounriver/mounriver_studio/toolchain/risc-v embedded gcc/bin/../lib/gcc/riscv-none-embed/8.2.0/../../../../riscv-none-embed/lib/rv32imacxw/ilp32\libg_nano.a(lib_a-nano-vfprintf_i.o)
                0x0000000000003506                _printf_common
 .text._printf_i
                0x0000000000003612      0x2a2 c:/mounriver/mounriver_studio/toolchain/risc-v embedded gcc/bin/../lib/gcc/riscv-none-embed/8.2.0/../../../../riscv-none-embed/lib/rv32imacxw/ilp32\libg_nano.a(lib_a-nano-vfprintf_i.o)
                0x0000000000003612                _printf_i
 .text._sbrk_r  0x00000000000038b4       0x2a c:/mounriver/mounriver_studio/toolchain/risc-v embedded gcc/bin/../lib/gcc/riscv-none-embed/8.2.0/../../../../riscv-none-embed/lib/rv32imacxw/ilp32\libg_nano.a(lib_a-sbrkr.o)
                0x00000000000038b4                _sbrk_r
 .text.__sread  0x00000000000038de       0x2c c:/mounriver/mounriver_studio/toolchain/risc-v embedded gcc/bin/../lib/gcc/riscv-none-embed/8.2.0/../../../../riscv-none-embed/lib/rv32imacxw/ilp32\libg_nano.a(lib_a-stdio.o)
                0x00000000000038de                __sread
 .text.__swrite
                0x000000000000390a       0x48 c:/mounriver/mounriver_studio/toolchain/risc-v embedded gcc/bin/../lib/gcc/riscv-none-embed/8.2.0/../../../../riscv-none-embed/lib/rv32imacxw/ilp32\libg_nano.a(lib_a-stdio.o)
                0x000000000000390a                __swrite
 .text.__sseek  0x0000000000003952       0x30 c:/mounriver/mounriver_studio/toolchain/risc-v embedded gcc/bin/../lib/gcc/riscv-none-embed/8.2.0/../../../../riscv-none-embed/lib/rv32imacxw/ilp32\libg_nano.a(lib_a-stdio.o)
                0x0000000000003952                __sseek
 .text.__sclose
                0x0000000000003982        0x6 c:/mounriver/mounriver_studio/toolchain/risc-v embedded gcc/bin/../lib/gcc/riscv-none-embed/8.2.0/../../../../riscv-none-embed/lib/rv32imacxw/ilp32\libg_nano.a(lib_a-stdio.o)
                0x0000000000003982                __sclose
 .text._write_r
                0x0000000000003988       0x2e c:/mounriver/mounriver_studio/toolchain/risc-v embedded gcc/bin/../lib/gcc/riscv-none-embed/8.2.0/../../../../riscv-none-embed/lib/rv32imacxw/ilp32\libg_nano.a(lib_a-writer.o)
                0x0000000000003988                _write_r
 .text._close_r
                0x00000000000039b6       0x28 c:/mounriver/mounriver_studio/toolchain/risc-v embedded gcc/bin/../lib/gcc/riscv-none-embed/8.2.0/../../../../riscv-none-embed/lib/rv32imacxw/ilp32\libg_nano.a(lib_a-closer.o)
                0x00000000000039b6                _close_r
 .text._fstat_r
                0x00000000000039de       0x2a c:/mounriver/mounriver_studio/toolchain/risc-v embedded gcc/bin/../lib/gcc/riscv-none-embed/8.2.0/../../../../riscv-none-embed/lib/rv32imacxw/ilp32\libg_nano.a(lib_a-fstatr.o)
                0x00000000000039de                _fstat_r
 .text._isatty_r
                0x0000000000003a08       0x28 c:/mounriver/mounriver_studio/toolchain/risc-v embedded gcc/bin/../lib/gcc/riscv-none-embed/8.2.0/../../../../riscv-none-embed/lib/rv32imacxw/ilp32\libg_nano.a(lib_a-isattyr.o)
                0x0000000000003a08                _isatty_r
 .text._lseek_r
                0x0000000000003a30       0x2c c:/mounriver/mounriver_studio/toolchain/risc-v embedded gcc/bin/../lib/gcc/riscv-none-embed/8.2.0/../../../../riscv-none-embed/lib/rv32imacxw/ilp32\libg_nano.a(lib_a-lseekr.o)
                0x0000000000003a30                _lseek_r
 .text.memchr   0x0000000000003a5c       0x18 c:/mounriver/mounriver_studio/toolchain/risc-v embedded gcc/bin/../lib/gcc/riscv-none-embed/8.2.0/../../../../riscv-none-embed/lib/rv32imacxw/ilp32\libg_nano.a(lib_a-memchr.o)
                0x0000000000003a5c                memchr
 .text.__malloc_lock
                0x0000000000003a74        0x2 c:/mounriver/mounriver_studio/toolchain/risc-v embedded gcc/bin/../lib/gcc/riscv-none-embed/8.2.0/../../../../riscv-none-embed/lib/rv32imacxw/ilp32\libg_nano.a(lib_a-mlock.o)
                0x0000000000003a74                __malloc_lock
 .text.__malloc_unlock
                0x0000000000003a76        0x2 c:/mounriver/mounriver_studio/toolchain/risc-v embedded gcc/bin/../lib/gcc/riscv-none-embed/8.2.0/../../../../riscv-none-embed/lib/rv32imacxw/ilp32\libg_nano.a(lib_a-mlock.o)
                0x0000000000003a76                __malloc_unlock
 .text._read_r  0x0000000000003a78       0x2c c:/mounriver/mounriver_studio/toolchain/risc-v embedded gcc/bin/../lib/gcc/riscv-none-embed/8.2.0/../../../../riscv-none-embed/lib/rv32imacxw/ilp32\libg_nano.a(lib_a-readr.o)
                0x0000000000003a78                _read_r
 .text._close   0x0000000000003aa4        0xc c:/mounriver/mounriver_studio/toolchain/risc-v embedded gcc/bin/../lib/gcc/riscv-none-embed/8.2.0/../../../../riscv-none-embed/lib/rv32imacxw/ilp32\libnosys.a(close.o)
                0x0000000000003aa4                _close
 .text._fstat   0x0000000000003ab0        0xc c:/mounriver/mounriver_studio/toolchain/risc-v embedded gcc/bin/../lib/gcc/riscv-none-embed/8.2.0/../../../../riscv-none-embed/lib/rv32imacxw/ilp32\libnosys.a(fstat.o)
                0x0000000000003ab0                _fstat
 .text._isatty  0x0000000000003abc        0xc c:/mounriver/mounriver_studio/toolchain/risc-v embedded gcc/bin/../lib/gcc/riscv-none-embed/8.2.0/../../../../riscv-none-embed/lib/rv32imacxw/ilp32\libnosys.a(isatty.o)
                0x0000000000003abc                _isatty
 .text._lseek   0x0000000000003ac8        0xc c:/mounriver/mounriver_studio/toolchain/risc-v embedded gcc/bin/../lib/gcc/riscv-none-embed/8.2.0/../../../../riscv-none-embed/lib/rv32imacxw/ilp32\libnosys.a(lseek.o)
                0x0000000000003ac8                _lseek
 .text._read    0x0000000000003ad4        0xc c:/mounriver/mounriver_studio/toolchain/risc-v embedded gcc/bin/../lib/gcc/riscv-none-embed/8.2.0/../../../../riscv-none-embed/lib/rv32imacxw/ilp32\libnosys.a(read.o)
                0x0000000000003ad4                _read
 *(.rodata)
 *(.rodata*)
 *fill*         0x0000000000003ae0        0x0 
 .rodata.PD_Main_Proc
                0x0000000000003ae0       0xcc ./User/PD_Process.o
 .rodata.PDO_Request.str1.4
                0x0000000000003bac       0x3d ./User/PD_Process.o
 *fill*         0x0000000000003be9        0x3 
 .rodata.PD_Det_Proc.str1.4
                0x0000000000003bec       0x40 ./User/PD_Process.o
 .rodata.PD_Main_Proc.str1.4
                0x0000000000003c2c       0xe9 ./User/PD_Process.o
                                         0xed (size before relaxing)
 *fill*         0x0000000000003d15        0x3 
 .rodata.USBPD_IRQHandler.str1.4
                0x0000000000003d18        0xd ./User/PD_Process.o
 *fill*         0x0000000000003d25        0x3 
 .rodata.my_PD_Valve_Receive.str1.4
                0x0000000000003d28       0x17 ./User/PD_Process.o
 *fill*         0x0000000000003d3f        0x1 
 .rodata.main.str1.4
                0x0000000000003d40       0x28 ./User/main.o
 .rodata.my_SC8726_Control_Handle
                0x0000000000003d68       0x18 ./User/my_I2C_Device.o
 .rodata.my_SC8726_Control_Handle.str1.4
                0x0000000000003d80       0x39 ./User/my_I2C_Device.o
 *fill*         0x0000000000003db9        0x3 
 .rodata.my_SC8726_Init_Handle.str1.4
                0x0000000000003dbc       0x18 ./User/my_I2C_Device.o
                                         0x1c (size before relaxing)
 .rodata.my_SC8726_Set_Out_Vbus.str1.4
                0x0000000000003dd4       0x52 ./User/my_I2C_Device.o
 *fill*         0x0000000000003e26        0x2 
 .rodata.my_VBus_Countrol.str1.4
                0x0000000000003e28       0x2c ./User/my_PD_Device.o
 .rodata.SPI1_IRQHandler
                0x0000000000003e54       0x1c ./User/my_SPI_Slave.o
 .rodata.my_spi_SNK.str1.4
                0x0000000000003e70       0x1e ./User/my_SPI_Slave.o
 *fill*         0x0000000000003e8e        0x2 
 .rodata.my_spi_handle.str1.4
                0x0000000000003e90       0x88 ./User/my_SPI_Slave.o
 .rodata.__sf_fake_stderr
                0x0000000000003f18       0x20 c:/mounriver/mounriver_studio/toolchain/risc-v embedded gcc/bin/../lib/gcc/riscv-none-embed/8.2.0/../../../../riscv-none-embed/lib/rv32imacxw/ilp32\libg_nano.a(lib_a-findfp.o)
                0x0000000000003f18                __sf_fake_stderr
 .rodata.__sf_fake_stdin
                0x0000000000003f38       0x20 c:/mounriver/mounriver_studio/toolchain/risc-v embedded gcc/bin/../lib/gcc/riscv-none-embed/8.2.0/../../../../riscv-none-embed/lib/rv32imacxw/ilp32\libg_nano.a(lib_a-findfp.o)
                0x0000000000003f38                __sf_fake_stdin
 .rodata.__sf_fake_stdout
                0x0000000000003f58       0x20 c:/mounriver/mounriver_studio/toolchain/risc-v embedded gcc/bin/../lib/gcc/riscv-none-embed/8.2.0/../../../../riscv-none-embed/lib/rv32imacxw/ilp32\libg_nano.a(lib_a-findfp.o)
                0x0000000000003f58                __sf_fake_stdout
 .rodata._vfprintf_r.str1.4
                0x0000000000003f78       0x13 c:/mounriver/mounriver_studio/toolchain/risc-v embedded gcc/bin/../lib/gcc/riscv-none-embed/8.2.0/../../../../riscv-none-embed/lib/rv32imacxw/ilp32\libg_nano.a(lib_a-nano-vfprintf.o)
 *fill*         0x0000000000003f8b        0x1 
 .rodata._printf_i.str1.4
                0x0000000000003f8c       0x28 c:/mounriver/mounriver_studio/toolchain/risc-v embedded gcc/bin/../lib/gcc/riscv-none-embed/8.2.0/../../../../riscv-none-embed/lib/rv32imacxw/ilp32\libg_nano.a(lib_a-nano-vfprintf_i.o)
                                         0x25 (size before relaxing)
 *(.gnu.linkonce.t.*)
                0x0000000000003fb4                . = ALIGN (0x4)

.rela.dyn       0x0000000000003fb4        0x0
 .rela.init     0x0000000000003fb4        0x0 ./User/Device_GPIO_I2C.o
 .rela.vector   0x0000000000003fb4        0x0 ./User/Device_GPIO_I2C.o
 .rela.text.handle_reset
                0x0000000000003fb4        0x0 ./User/Device_GPIO_I2C.o
 .rela.text._sbrk
                0x0000000000003fb4        0x0 ./User/Device_GPIO_I2C.o
 .rela.sdata.curbrk.4445
                0x0000000000003fb4        0x0 ./User/Device_GPIO_I2C.o
 .rela.text._vfprintf_r
                0x0000000000003fb4        0x0 ./User/Device_GPIO_I2C.o
 .rela.text._sbrk_r
                0x0000000000003fb4        0x0 ./User/Device_GPIO_I2C.o
 .rela.text._write_r
                0x0000000000003fb4        0x0 ./User/Device_GPIO_I2C.o
 .rela.text._close_r
                0x0000000000003fb4        0x0 ./User/Device_GPIO_I2C.o
 .rela.text._fstat_r
                0x0000000000003fb4        0x0 ./User/Device_GPIO_I2C.o
 .rela.text._isatty_r
                0x0000000000003fb4        0x0 ./User/Device_GPIO_I2C.o
 .rela.text._lseek_r
                0x0000000000003fb4        0x0 ./User/Device_GPIO_I2C.o
 .rela.text._read_r
                0x0000000000003fb4        0x0 ./User/Device_GPIO_I2C.o
 .rela.text._close
                0x0000000000003fb4        0x0 ./User/Device_GPIO_I2C.o
 .rela.text._fstat
                0x0000000000003fb4        0x0 ./User/Device_GPIO_I2C.o
 .rela.text._isatty
                0x0000000000003fb4        0x0 ./User/Device_GPIO_I2C.o
 .rela.text._lseek
                0x0000000000003fb4        0x0 ./User/Device_GPIO_I2C.o
 .rela.text._read
                0x0000000000003fb4        0x0 ./User/Device_GPIO_I2C.o

.fini           0x0000000000003fb4        0x0
 *(SORT_NONE(.fini))
                0x0000000000003fb4                . = ALIGN (0x4)
                [!provide]                        PROVIDE (_etext = .)
                [!provide]                        PROVIDE (_eitcm = .)

.preinit_array  0x0000000000003fb4        0x0
                [!provide]                        PROVIDE (__preinit_array_start = .)
 *(.preinit_array)
                [!provide]                        PROVIDE (__preinit_array_end = .)

.init_array     0x0000000000003fb4        0x0
                [!provide]                        PROVIDE (__init_array_start = .)
 *(SORT_BY_INIT_PRIORITY(.init_array.*) SORT_BY_INIT_PRIORITY(.ctors.*))
 *(.init_array EXCLUDE_FILE(*crtend?.o *crtend.o *crtbegin?.o *crtbegin.o) .ctors)
                [!provide]                        PROVIDE (__init_array_end = .)

.fini_array     0x0000000000003fb4        0x0
                [!provide]                        PROVIDE (__fini_array_start = .)
 *(SORT_BY_INIT_PRIORITY(.fini_array.*) SORT_BY_INIT_PRIORITY(.dtors.*))
 *(.fini_array EXCLUDE_FILE(*crtend?.o *crtend.o *crtbegin?.o *crtbegin.o) .dtors)
                [!provide]                        PROVIDE (__fini_array_end = .)

.ctors
 *crtbegin.o(.ctors)
 *crtbegin?.o(.ctors)
 *(EXCLUDE_FILE(*crtend?.o *crtend.o) .ctors)
 *(SORT_BY_NAME(.ctors.*))
 *(.ctors)

.dtors
 *crtbegin.o(.dtors)
 *crtbegin?.o(.dtors)
 *(EXCLUDE_FILE(*crtend?.o *crtend.o) .dtors)
 *(SORT_BY_NAME(.dtors.*))
 *(.dtors)

.dalign         0x0000000020000000        0x0 load address 0x0000000000003fb4
                0x0000000020000000                . = ALIGN (0x4)
                0x0000000020000000                PROVIDE (_data_vma = .)

.dlalign        0x0000000000003fb4        0x0
                0x0000000000003fb4                . = ALIGN (0x4)
                0x0000000000003fb4                PROVIDE (_data_lma = .)

.data           0x0000000020000000       0xe0 load address 0x0000000000003fb4
 *(.gnu.linkonce.r.*)
 *(.data .data.*)
 .data.SrcCap_Ext_Tab
                0x0000000020000000       0x1c ./User/PD_Process.o
                0x0000000020000000                SrcCap_Ext_Tab
 .data.SrcCap_Tab
                0x000000002000001c        0xc ./User/PD_Process.o
                0x000000002000001c                SrcCap_Tab
 .data.AHBPrescTable
                0x0000000020000028       0x10 ./User/system_ch32x035.o
                0x0000000020000028                AHBPrescTable
 .data.APBAHBPrescTable
                0x0000000020000038       0x10 ./Peripheral/src/ch32x035_rcc.o
 .data.impure_data
                0x0000000020000048       0x60 c:/mounriver/mounriver_studio/toolchain/risc-v embedded gcc/bin/../lib/gcc/riscv-none-embed/8.2.0/../../../../riscv-none-embed/lib/rv32imacxw/ilp32\libg_nano.a(lib_a-impure.o)
 *(.gnu.linkonce.d.*)
                0x00000000200000a8                . = ALIGN (0x8)
                0x00000000200008a8                PROVIDE (__global_pointer$ = (. + 0x800))
 *(.sdata .sdata.*)
 .sdata.SinkCap_5V1A_Tab
                0x00000000200000a8        0x4 ./User/PD_Process.o
                0x00000000200000a8                SinkCap_5V1A_Tab
 .sdata.SrcCap_5V3A_Tab
                0x00000000200000ac        0x4 ./User/PD_Process.o
                0x00000000200000ac                SrcCap_5V3A_Tab
 .sdata.SrcCap_size
                0x00000000200000b0        0x1 ./User/PD_Process.o
                0x00000000200000b0                SrcCap_size
 *fill*         0x00000000200000b1        0x3 
 .sdata.Status_Ext_Tab
                0x00000000200000b4        0x8 ./User/PD_Process.o
                0x00000000200000b4                Status_Ext_Tab
 .sdata.Vbus_Current
                0x00000000200000bc        0x2 ./User/PD_Process.o
                0x00000000200000bc                Vbus_Current
 .sdata.send_spi_slave_data
                0x00000000200000be        0x1 ./User/my_SPI_Slave.o
                0x00000000200000be                send_spi_slave_data
 *fill*         0x00000000200000bf        0x1 
 .sdata.SystemCoreClock
                0x00000000200000c0        0x4 ./User/system_ch32x035.o
                0x00000000200000c0                SystemCoreClock
 .sdata.CFGHR_tmpA
                0x00000000200000c4        0x4 ./Peripheral/src/ch32x035_gpio.o
                0x00000000200000c4                CFGHR_tmpA
 .sdata.CFGHR_tmpB
                0x00000000200000c8        0x4 ./Peripheral/src/ch32x035_gpio.o
                0x00000000200000c8                CFGHR_tmpB
 .sdata.CFGHR_tmpC
                0x00000000200000cc        0x4 ./Peripheral/src/ch32x035_gpio.o
                0x00000000200000cc                CFGHR_tmpC
 .sdata.curbrk.4445
                0x00000000200000d0        0x4 ./Debug/debug.o
 .sdata._impure_ptr
                0x00000000200000d4        0x4 c:/mounriver/mounriver_studio/toolchain/risc-v embedded gcc/bin/../lib/gcc/riscv-none-embed/8.2.0/../../../../riscv-none-embed/lib/rv32imacxw/ilp32\libg_nano.a(lib_a-impure.o)
                0x00000000200000d4                _impure_ptr
 *(.sdata2.*)
 .sdata2._global_impure_ptr
                0x00000000200000d8        0x4 c:/mounriver/mounriver_studio/toolchain/risc-v embedded gcc/bin/../lib/gcc/riscv-none-embed/8.2.0/../../../../riscv-none-embed/lib/rv32imacxw/ilp32\libg_nano.a(lib_a-impure.o)
                0x00000000200000d8                _global_impure_ptr
 *(.gnu.linkonce.s.*)
                0x00000000200000e0                . = ALIGN (0x8)
 *fill*         0x00000000200000dc        0x4 
 *(.srodata.cst16)
 *(.srodata.cst8)
 *(.srodata.cst4)
 *(.srodata.cst2)
 *(.srodata .srodata.*)
                0x00000000200000e0                . = ALIGN (0x4)
                0x00000000200000e0                PROVIDE (_edata = .)

.bss            0x00000000200000e0      0x21c load address 0x0000000000004094
                0x00000000200000e0                . = ALIGN (0x4)
                0x00000000200000e0                PROVIDE (_sbss = .)
 *(.sbss*)
 .sbss.CC_Select
                0x00000000200000e0        0x1 ./User/PD_Process.o
                0x00000000200000e0                CC_Select
 .sbss.PDO_Len  0x00000000200000e1        0x1 ./User/PD_Process.o
                0x00000000200000e1                PDO_Len
 *fill*         0x00000000200000e2        0x2 
 .sbss.PD_Ack_Buf
                0x00000000200000e4        0x2 ./User/PD_Process.o
                0x00000000200000e4                PD_Ack_Buf
 .sbss.Tmr_Ms_Cnt_Last
                0x00000000200000e6        0x1 ./User/PD_Process.o
                0x00000000200000e6                Tmr_Ms_Cnt_Last
 .sbss.Tmr_Ms_Dlt
                0x00000000200000e7        0x1 ./User/PD_Process.o
                0x00000000200000e7                Tmr_Ms_Dlt
 .sbss.Vbus_Select
                0x00000000200000e8        0x1 ./User/PD_Process.o
                0x00000000200000e8                Vbus_Select
 *fill*         0x00000000200000e9        0x1 
 .sbss.connect_time
                0x00000000200000ea        0x2 ./User/PD_Process.o
                0x00000000200000ea                connect_time
 .sbss.pd_power_error
                0x00000000200000ec        0x1 ./User/PD_Process.o
                0x00000000200000ec                pd_power_error
 .sbss.pd_valve_status
                0x00000000200000ed        0x1 ./User/PD_Process.o
                0x00000000200000ed                pd_valve_status
 .sbss.pd_valve_time
                0x00000000200000ee        0x2 ./User/PD_Process.o
                0x00000000200000ee                pd_valve_time
 .sbss.snk_vbus_current
                0x00000000200000f0        0x2 ./User/PD_Process.o
                0x00000000200000f0                snk_vbus_current
 .sbss.snk_vbus_type
                0x00000000200000f2        0x1 ./User/PD_Process.o
                0x00000000200000f2                snk_vbus_type
 *fill*         0x00000000200000f3        0x1 
 .sbss.src_vbus_current
                0x00000000200000f4        0x2 ./User/PD_Process.o
                0x00000000200000f4                src_vbus_current
 .sbss.src_vbus_type
                0x00000000200000f6        0x1 ./User/PD_Process.o
                0x00000000200000f6                src_vbus_type
 .sbss.switch_state_pd
                0x00000000200000f7        0x1 ./User/PD_Process.o
                0x00000000200000f7                switch_state_pd
 .sbss.switch_state_pd_flag
                0x00000000200000f8        0x1 ./User/PD_Process.o
                0x00000000200000f8                switch_state_pd_flag
 .sbss.valve_connect
                0x00000000200000f9        0x1 ./User/PD_Process.o
                0x00000000200000f9                valve_connect
 .sbss.set_Vbus.4486
                0x00000000200000fa        0x2 ./User/my_I2C_Device.o
 .sbss.PD_STATUS
                0x00000000200000fc        0x1 ./User/my_PD_Device.o
                0x00000000200000fc                PD_STATUS
 .sbss.Tim_Ms_Cnt
                0x00000000200000fd        0x1 ./User/my_PD_Device.o
                0x00000000200000fd                Tim_Ms_Cnt
 .sbss.receive_addr
                0x00000000200000fe        0x1 ./User/my_SPI_Slave.o
                0x00000000200000fe                receive_addr
 .sbss.receive_buff_size
                0x00000000200000ff        0x1 ./User/my_SPI_Slave.o
                0x00000000200000ff                receive_buff_size
 .sbss.receive_flag
                0x0000000020000100        0x1 ./User/my_SPI_Slave.o
                0x0000000020000100                receive_flag
 *fill*         0x0000000020000101        0x3 
 .sbss.NVIC_Priority_Group
                0x0000000020000104        0x4 ./Peripheral/src/ch32x035_misc.o
                0x0000000020000104                NVIC_Priority_Group
 .sbss.p_ms     0x0000000020000108        0x2 ./Debug/debug.o
 .sbss.p_us     0x000000002000010a        0x1 ./Debug/debug.o
 *fill*         0x000000002000010b        0x1 
 .sbss.__malloc_free_list
                0x000000002000010c        0x4 c:/mounriver/mounriver_studio/toolchain/risc-v embedded gcc/bin/../lib/gcc/riscv-none-embed/8.2.0/../../../../riscv-none-embed/lib/rv32imacxw/ilp32\libg_nano.a(lib_a-nano-mallocr.o)
                0x000000002000010c                __malloc_free_list
 .sbss.__malloc_sbrk_start
                0x0000000020000110        0x4 c:/mounriver/mounriver_studio/toolchain/risc-v embedded gcc/bin/../lib/gcc/riscv-none-embed/8.2.0/../../../../riscv-none-embed/lib/rv32imacxw/ilp32\libg_nano.a(lib_a-nano-mallocr.o)
                0x0000000020000110                __malloc_sbrk_start
 *(.gnu.linkonce.sb.*)
 *(.bss*)
 .bss.Adapter_SrcCap
                0x0000000020000114       0x1e ./User/PD_Process.o
                0x0000000020000114                Adapter_SrcCap
 *fill*         0x0000000020000132        0x2 
 .bss.PD_Ctl    0x0000000020000134       0x1c ./User/PD_Process.o
                0x0000000020000134                PD_Ctl
 .bss.PD_Rx_Buf
                0x0000000020000150       0x22 ./User/PD_Process.o
                0x0000000020000150                PD_Rx_Buf
 *fill*         0x0000000020000172        0x2 
 .bss.PD_Tx_Buf
                0x0000000020000174       0x22 ./User/PD_Process.o
                0x0000000020000174                PD_Tx_Buf
 *fill*         0x0000000020000196        0x2 
 .bss.pd_valve_send_buff
                0x0000000020000198       0x10 ./User/PD_Process.o
                0x0000000020000198                pd_valve_send_buff
 .bss.sc8726    0x00000000200001a8       0x1e ./User/my_I2C_Device.o
                0x00000000200001a8                sc8726
 *fill*         0x00000000200001c6        0x2 
 .bss.my_spi    0x00000000200001c8      0x118 ./User/my_SPI_Slave.o
                0x00000000200001c8                my_spi
 .bss.receive_buff
                0x00000000200002e0        0xa ./User/my_SPI_Slave.o
                0x00000000200002e0                receive_buff
 *fill*         0x00000000200002ea        0x2 
 .bss.receive_data
                0x00000000200002ec        0xa ./User/my_SPI_Slave.o
                0x00000000200002ec                receive_data
 *(.gnu.linkonce.b.*)
 *(COMMON*)
 *fill*         0x00000000200002f6        0x2 
 COMMON         0x00000000200002f8        0x4 c:/mounriver/mounriver_studio/toolchain/risc-v embedded gcc/bin/../lib/gcc/riscv-none-embed/8.2.0/../../../../riscv-none-embed/lib/rv32imacxw/ilp32\libg_nano.a(lib_a-reent.o)
                0x00000000200002f8                errno
                0x00000000200002fc                . = ALIGN (0x4)
                0x00000000200002fc                PROVIDE (_ebss = .)
                0x00000000200002fc                PROVIDE (_end = _ebss)
                [!provide]                        PROVIDE (end = .)

.stack          0x0000000020004800      0x800
                0x0000000020004800                PROVIDE (_heap_end = .)
                0x0000000020004800                . = ALIGN (0x4)
                [!provide]                        PROVIDE (_susrstack = .)
                0x0000000020005000                . = (. + __stack_size)
 *fill*         0x0000000020004800      0x800 
                0x0000000020005000                PROVIDE (_eusrstack = .)
OUTPUT(CH32X035G8U6_AIO.elf elf32-littleriscv)

.debug_info     0x0000000000000000    0x16a36
 .debug_info    0x0000000000000000     0x1116 ./User/Device_GPIO_I2C.o
 .debug_info    0x0000000000001116     0x2793 ./User/PD_Process.o
 .debug_info    0x00000000000038a9      0x962 ./User/ch32x035_it.o
 .debug_info    0x000000000000420b     0x160c ./User/main.o
 .debug_info    0x0000000000005817      0xedf ./User/my_I2C_Device.o
 .debug_info    0x00000000000066f6     0x1883 ./User/my_PD_Device.o
 .debug_info    0x0000000000007f79     0x1c30 ./User/my_SPI_Slave.o
 .debug_info    0x0000000000009ba9      0xb56 ./User/system_ch32x035.o
 .debug_info    0x000000000000a6ff       0x22 ./Startup/startup_ch32x035.o
 .debug_info    0x000000000000a721     0x15d6 ./Peripheral/src/ch32x035_adc.o
 .debug_info    0x000000000000bcf7      0xa94 ./Peripheral/src/ch32x035_dbgmcu.o
 .debug_info    0x000000000000c78b      0xc05 ./Peripheral/src/ch32x035_exti.o
 .debug_info    0x000000000000d390     0x11c9 ./Peripheral/src/ch32x035_gpio.o
 .debug_info    0x000000000000e559      0xaae ./Peripheral/src/ch32x035_iwdg.o
 .debug_info    0x000000000000f007      0xe36 ./Peripheral/src/ch32x035_misc.o
 .debug_info    0x000000000000fe3d      0xd8f ./Peripheral/src/ch32x035_rcc.o
 .debug_info    0x0000000000010bcc     0x1072 ./Peripheral/src/ch32x035_spi.o
 .debug_info    0x0000000000011c3e     0x2b87 ./Peripheral/src/ch32x035_tim.o
 .debug_info    0x00000000000147c5     0x1333 ./Peripheral/src/ch32x035_usart.o
 .debug_info    0x0000000000015af8      0xf3e ./Debug/debug.o

.debug_abbrev   0x0000000000000000     0x3d69
 .debug_abbrev  0x0000000000000000      0x2c2 ./User/Device_GPIO_I2C.o
 .debug_abbrev  0x00000000000002c2      0x5ae ./User/PD_Process.o
 .debug_abbrev  0x0000000000000870      0x1cf ./User/ch32x035_it.o
 .debug_abbrev  0x0000000000000a3f      0x36b ./User/main.o
 .debug_abbrev  0x0000000000000daa      0x350 ./User/my_I2C_Device.o
 .debug_abbrev  0x00000000000010fa      0x3b3 ./User/my_PD_Device.o
 .debug_abbrev  0x00000000000014ad      0x472 ./User/my_SPI_Slave.o
 .debug_abbrev  0x000000000000191f      0x258 ./User/system_ch32x035.o
 .debug_abbrev  0x0000000000001b77       0x12 ./Startup/startup_ch32x035.o
 .debug_abbrev  0x0000000000001b89      0x323 ./Peripheral/src/ch32x035_adc.o
 .debug_abbrev  0x0000000000001eac      0x2f7 ./Peripheral/src/ch32x035_dbgmcu.o
 .debug_abbrev  0x00000000000021a3      0x2da ./Peripheral/src/ch32x035_exti.o
 .debug_abbrev  0x000000000000247d      0x34b ./Peripheral/src/ch32x035_gpio.o
 .debug_abbrev  0x00000000000027c8      0x282 ./Peripheral/src/ch32x035_iwdg.o
 .debug_abbrev  0x0000000000002a4a      0x2ea ./Peripheral/src/ch32x035_misc.o
 .debug_abbrev  0x0000000000002d34      0x326 ./Peripheral/src/ch32x035_rcc.o
 .debug_abbrev  0x000000000000305a      0x303 ./Peripheral/src/ch32x035_spi.o
 .debug_abbrev  0x000000000000335d      0x418 ./Peripheral/src/ch32x035_tim.o
 .debug_abbrev  0x0000000000003775      0x312 ./Peripheral/src/ch32x035_usart.o
 .debug_abbrev  0x0000000000003a87      0x2e2 ./Debug/debug.o

.debug_loc      0x0000000000000000     0x4db7
 .debug_loc     0x0000000000000000      0x170 ./User/Device_GPIO_I2C.o
 .debug_loc     0x0000000000000170      0x794 ./User/PD_Process.o
 .debug_loc     0x0000000000000904      0x148 ./User/main.o
 .debug_loc     0x0000000000000a4c       0xed ./User/my_I2C_Device.o
 .debug_loc     0x0000000000000b39       0xdf ./User/my_PD_Device.o
 .debug_loc     0x0000000000000c18      0x25b ./User/my_SPI_Slave.o
 .debug_loc     0x0000000000000e73       0x1f ./User/system_ch32x035.o
 .debug_loc     0x0000000000000e92      0xa41 ./Peripheral/src/ch32x035_adc.o
 .debug_loc     0x00000000000018d3       0x7c ./Peripheral/src/ch32x035_dbgmcu.o
 .debug_loc     0x000000000000194f      0x181 ./Peripheral/src/ch32x035_exti.o
 .debug_loc     0x0000000000001ad0      0x863 ./Peripheral/src/ch32x035_gpio.o
 .debug_loc     0x0000000000002333       0x68 ./Peripheral/src/ch32x035_iwdg.o
 .debug_loc     0x000000000000239b       0x2d ./Peripheral/src/ch32x035_misc.o
 .debug_loc     0x00000000000023c8      0x34e ./Peripheral/src/ch32x035_rcc.o
 .debug_loc     0x0000000000002716      0x429 ./Peripheral/src/ch32x035_spi.o
 .debug_loc     0x0000000000002b3f     0x19ec ./Peripheral/src/ch32x035_tim.o
 .debug_loc     0x000000000000452b      0x715 ./Peripheral/src/ch32x035_usart.o
 .debug_loc     0x0000000000004c40      0x177 ./Debug/debug.o

.debug_aranges  0x0000000000000000      0xbc8
 .debug_aranges
                0x0000000000000000       0x88 ./User/Device_GPIO_I2C.o
 .debug_aranges
                0x0000000000000088       0xd8 ./User/PD_Process.o
 .debug_aranges
                0x0000000000000160       0x28 ./User/ch32x035_it.o
 .debug_aranges
                0x0000000000000188       0x50 ./User/main.o
 .debug_aranges
                0x00000000000001d8       0x58 ./User/my_I2C_Device.o
 .debug_aranges
                0x0000000000000230       0x68 ./User/my_PD_Device.o
 .debug_aranges
                0x0000000000000298       0x90 ./User/my_SPI_Slave.o
 .debug_aranges
                0x0000000000000328       0x28 ./User/system_ch32x035.o
 .debug_aranges
                0x0000000000000350       0x30 ./Startup/startup_ch32x035.o
 .debug_aranges
                0x0000000000000380      0x140 ./Peripheral/src/ch32x035_adc.o
 .debug_aranges
                0x00000000000004c0       0x48 ./Peripheral/src/ch32x035_dbgmcu.o
 .debug_aranges
                0x0000000000000508       0x50 ./Peripheral/src/ch32x035_exti.o
 .debug_aranges
                0x0000000000000558       0x98 ./Peripheral/src/ch32x035_gpio.o
 .debug_aranges
                0x00000000000005f0       0x48 ./Peripheral/src/ch32x035_iwdg.o
 .debug_aranges
                0x0000000000000638       0x28 ./Peripheral/src/ch32x035_misc.o
 .debug_aranges
                0x0000000000000660       0x80 ./Peripheral/src/ch32x035_rcc.o
 .debug_aranges
                0x00000000000006e0       0xb8 ./Peripheral/src/ch32x035_spi.o
 .debug_aranges
                0x0000000000000798      0x2f0 ./Peripheral/src/ch32x035_tim.o
 .debug_aranges
                0x0000000000000a88       0xf0 ./Peripheral/src/ch32x035_usart.o
 .debug_aranges
                0x0000000000000b78       0x50 ./Debug/debug.o

.debug_ranges   0x0000000000000000      0xbe8
 .debug_ranges  0x0000000000000000       0xa8 ./User/Device_GPIO_I2C.o
 .debug_ranges  0x00000000000000a8      0x128 ./User/PD_Process.o
 .debug_ranges  0x00000000000001d0       0x18 ./User/ch32x035_it.o
 .debug_ranges  0x00000000000001e8       0x58 ./User/main.o
 .debug_ranges  0x0000000000000240       0x60 ./User/my_I2C_Device.o
 .debug_ranges  0x00000000000002a0       0x58 ./User/my_PD_Device.o
 .debug_ranges  0x00000000000002f8       0xa0 ./User/my_SPI_Slave.o
 .debug_ranges  0x0000000000000398       0x18 ./User/system_ch32x035.o
 .debug_ranges  0x00000000000003b0       0x28 ./Startup/startup_ch32x035.o
 .debug_ranges  0x00000000000003d8      0x130 ./Peripheral/src/ch32x035_adc.o
 .debug_ranges  0x0000000000000508       0x50 ./Peripheral/src/ch32x035_dbgmcu.o
 .debug_ranges  0x0000000000000558       0x40 ./Peripheral/src/ch32x035_exti.o
 .debug_ranges  0x0000000000000598       0x88 ./Peripheral/src/ch32x035_gpio.o
 .debug_ranges  0x0000000000000620       0x38 ./Peripheral/src/ch32x035_iwdg.o
 .debug_ranges  0x0000000000000658       0x48 ./Peripheral/src/ch32x035_misc.o
 .debug_ranges  0x00000000000006a0       0x70 ./Peripheral/src/ch32x035_rcc.o
 .debug_ranges  0x0000000000000710       0xa8 ./Peripheral/src/ch32x035_spi.o
 .debug_ranges  0x00000000000007b8      0x310 ./Peripheral/src/ch32x035_tim.o
 .debug_ranges  0x0000000000000ac8       0xe0 ./Peripheral/src/ch32x035_usart.o
 .debug_ranges  0x0000000000000ba8       0x40 ./Debug/debug.o

.debug_line     0x0000000000000000     0xf7d9
 .debug_line    0x0000000000000000      0x87e ./User/Device_GPIO_I2C.o
 .debug_line    0x000000000000087e     0x2a67 ./User/PD_Process.o
 .debug_line    0x00000000000032e5      0x230 ./User/ch32x035_it.o
 .debug_line    0x0000000000003515      0x95e ./User/main.o
 .debug_line    0x0000000000003e73      0xa5e ./User/my_I2C_Device.o
 .debug_line    0x00000000000048d1      0x81a ./User/my_PD_Device.o
 .debug_line    0x00000000000050eb     0x12cf ./User/my_SPI_Slave.o
 .debug_line    0x00000000000063ba      0x36a ./User/system_ch32x035.o
 .debug_line    0x0000000000006724      0x11e ./Startup/startup_ch32x035.o
 .debug_line    0x0000000000006842     0x14d5 ./Peripheral/src/ch32x035_adc.o
 .debug_line    0x0000000000007d17      0x363 ./Peripheral/src/ch32x035_dbgmcu.o
 .debug_line    0x000000000000807a      0x5ad ./Peripheral/src/ch32x035_exti.o
 .debug_line    0x0000000000008627     0x120b ./Peripheral/src/ch32x035_gpio.o
 .debug_line    0x0000000000009832      0x388 ./Peripheral/src/ch32x035_iwdg.o
 .debug_line    0x0000000000009bba      0x3b4 ./Peripheral/src/ch32x035_misc.o
 .debug_line    0x0000000000009f6e      0x79d ./Peripheral/src/ch32x035_rcc.o
 .debug_line    0x000000000000a70b      0x9ae ./Peripheral/src/ch32x035_spi.o
 .debug_line    0x000000000000b0b9     0x31c1 ./Peripheral/src/ch32x035_tim.o
 .debug_line    0x000000000000e27a      0xe4d ./Peripheral/src/ch32x035_usart.o
 .debug_line    0x000000000000f0c7      0x712 ./Debug/debug.o

.debug_str      0x0000000000000000     0x3b3c
 .debug_str     0x0000000000000000      0x7f7 ./User/Device_GPIO_I2C.o
                                        0x87d (size before relaxing)
 .debug_str     0x00000000000007f7      0xc48 ./User/PD_Process.o
                                       0x13bf (size before relaxing)
 .debug_str     0x000000000000143f       0x34 ./User/ch32x035_it.o
                                        0x5a5 (size before relaxing)
 .debug_str     0x0000000000001473      0x367 ./User/main.o
                                        0xee4 (size before relaxing)
 .debug_str     0x00000000000017da      0x15b ./User/my_I2C_Device.o
                                        0x829 (size before relaxing)
 .debug_str     0x0000000000001935      0x2d5 ./User/my_PD_Device.o
                                       0x1201 (size before relaxing)
 .debug_str     0x0000000000001c0a      0x3bb ./User/my_SPI_Slave.o
                                       0x13bb (size before relaxing)
 .debug_str     0x0000000000001fc5       0xc1 ./User/system_ch32x035.o
                                        0x6a3 (size before relaxing)
 .debug_str     0x0000000000002086       0x2a ./Startup/startup_ch32x035.o
                                         0x55 (size before relaxing)
 .debug_str     0x00000000000020b0      0x4b2 ./Peripheral/src/ch32x035_adc.o
                                        0xbf0 (size before relaxing)
 .debug_str     0x0000000000002562       0x7e ./Peripheral/src/ch32x035_dbgmcu.o
                                        0x635 (size before relaxing)
 .debug_str     0x00000000000025e0       0xaf ./Peripheral/src/ch32x035_exti.o
                                        0x77c (size before relaxing)
 .debug_str     0x000000000000268f      0x17e ./Peripheral/src/ch32x035_gpio.o
                                        0x93b (size before relaxing)
 .debug_str     0x000000000000280d       0x76 ./Peripheral/src/ch32x035_iwdg.o
                                        0x68e (size before relaxing)
 .debug_str     0x0000000000002883       0x73 ./Peripheral/src/ch32x035_misc.o
                                        0xa00 (size before relaxing)
 .debug_str     0x00000000000028f6      0x1c4 ./Peripheral/src/ch32x035_rcc.o
                                        0x83f (size before relaxing)
 .debug_str     0x0000000000002aba      0x172 ./Peripheral/src/ch32x035_spi.o
                                        0x928 (size before relaxing)
 .debug_str     0x0000000000002c2c      0xab2 ./Peripheral/src/ch32x035_tim.o
                                       0x136f (size before relaxing)
 .debug_str     0x00000000000036de      0x3d6 ./Peripheral/src/ch32x035_usart.o
                                        0xac8 (size before relaxing)
 .debug_str     0x0000000000003ab4       0x88 ./Debug/debug.o
                                        0x8c9 (size before relaxing)

.comment        0x0000000000000000       0x33
 .comment       0x0000000000000000       0x33 ./User/Device_GPIO_I2C.o
                                         0x34 (size before relaxing)
 .comment       0x0000000000000033       0x34 ./User/PD_Process.o
 .comment       0x0000000000000033       0x34 ./User/ch32x035_it.o
 .comment       0x0000000000000033       0x34 ./User/main.o
 .comment       0x0000000000000033       0x34 ./User/my_I2C_Device.o
 .comment       0x0000000000000033       0x34 ./User/my_PD_Device.o
 .comment       0x0000000000000033       0x34 ./User/my_SPI_Slave.o
 .comment       0x0000000000000033       0x34 ./User/system_ch32x035.o
 .comment       0x0000000000000033       0x34 ./Peripheral/src/ch32x035_adc.o
 .comment       0x0000000000000033       0x34 ./Peripheral/src/ch32x035_dbgmcu.o
 .comment       0x0000000000000033       0x34 ./Peripheral/src/ch32x035_exti.o
 .comment       0x0000000000000033       0x34 ./Peripheral/src/ch32x035_gpio.o
 .comment       0x0000000000000033       0x34 ./Peripheral/src/ch32x035_iwdg.o
 .comment       0x0000000000000033       0x34 ./Peripheral/src/ch32x035_misc.o
 .comment       0x0000000000000033       0x34 ./Peripheral/src/ch32x035_rcc.o
 .comment       0x0000000000000033       0x34 ./Peripheral/src/ch32x035_spi.o
 .comment       0x0000000000000033       0x34 ./Peripheral/src/ch32x035_tim.o
 .comment       0x0000000000000033       0x34 ./Peripheral/src/ch32x035_usart.o
 .comment       0x0000000000000033       0x34 ./Debug/debug.o

.debug_frame    0x0000000000000000     0x2340
 .debug_frame   0x0000000000000000      0x1d0 ./User/Device_GPIO_I2C.o
 .debug_frame   0x00000000000001d0      0x2b8 ./User/PD_Process.o
 .debug_frame   0x0000000000000488       0x30 ./User/ch32x035_it.o
 .debug_frame   0x00000000000004b8       0xe0 ./User/main.o
 .debug_frame   0x0000000000000598       0xe8 ./User/my_I2C_Device.o
 .debug_frame   0x0000000000000680      0x138 ./User/my_PD_Device.o
 .debug_frame   0x00000000000007b8      0x180 ./User/my_SPI_Slave.o
 .debug_frame   0x0000000000000938       0x30 ./User/system_ch32x035.o
 .debug_frame   0x0000000000000968      0x27c ./Peripheral/src/ch32x035_adc.o
 .debug_frame   0x0000000000000be4       0x70 ./Peripheral/src/ch32x035_dbgmcu.o
 .debug_frame   0x0000000000000c54       0x90 ./Peripheral/src/ch32x035_exti.o
 .debug_frame   0x0000000000000ce4      0x140 ./Peripheral/src/ch32x035_gpio.o
 .debug_frame   0x0000000000000e24       0x70 ./Peripheral/src/ch32x035_iwdg.o
 .debug_frame   0x0000000000000e94       0x30 ./Peripheral/src/ch32x035_misc.o
 .debug_frame   0x0000000000000ec4       0xfc ./Peripheral/src/ch32x035_rcc.o
 .debug_frame   0x0000000000000fc0      0x15c ./Peripheral/src/ch32x035_spi.o
 .debug_frame   0x000000000000111c      0x654 ./Peripheral/src/ch32x035_tim.o
 .debug_frame   0x0000000000001770      0x1e4 ./Peripheral/src/ch32x035_usart.o
 .debug_frame   0x0000000000001954       0xb8 ./Debug/debug.o
 .debug_frame   0x0000000000001a0c       0x20 c:/mounriver/mounriver_studio/toolchain/risc-v embedded gcc/bin/../lib/gcc/riscv-none-embed/8.2.0/../../../../riscv-none-embed/lib/rv32imacxw/ilp32\libg_nano.a(lib_a-memcpy.o)
 .debug_frame   0x0000000000001a2c       0x54 c:/mounriver/mounriver_studio/toolchain/risc-v embedded gcc/bin/../lib/gcc/riscv-none-embed/8.2.0/../../../../riscv-none-embed/lib/rv32imacxw/ilp32\libg_nano.a(lib_a-printf.o)
 .debug_frame   0x0000000000001a80       0x54 c:/mounriver/mounriver_studio/toolchain/risc-v embedded gcc/bin/../lib/gcc/riscv-none-embed/8.2.0/../../../../riscv-none-embed/lib/rv32imacxw/ilp32\libg_nano.a(lib_a-puts.o)
 .debug_frame   0x0000000000001ad4       0x50 c:/mounriver/mounriver_studio/toolchain/risc-v embedded gcc/bin/../lib/gcc/riscv-none-embed/8.2.0/../../../../riscv-none-embed/lib/rv32imacxw/ilp32\libg_nano.a(lib_a-wbuf.o)
 .debug_frame   0x0000000000001b24       0x3c c:/mounriver/mounriver_studio/toolchain/risc-v embedded gcc/bin/../lib/gcc/riscv-none-embed/8.2.0/../../../../riscv-none-embed/lib/rv32imacxw/ilp32\libg_nano.a(lib_a-wsetup.o)
 .debug_frame   0x0000000000001b60       0x7c c:/mounriver/mounriver_studio/toolchain/risc-v embedded gcc/bin/../lib/gcc/riscv-none-embed/8.2.0/../../../../riscv-none-embed/lib/rv32imacxw/ilp32\libg_nano.a(lib_a-fflush.o)
 .debug_frame   0x0000000000001bdc      0x148 c:/mounriver/mounriver_studio/toolchain/risc-v embedded gcc/bin/../lib/gcc/riscv-none-embed/8.2.0/../../../../riscv-none-embed/lib/rv32imacxw/ilp32\libg_nano.a(lib_a-findfp.o)
 .debug_frame   0x0000000000001d24       0x88 c:/mounriver/mounriver_studio/toolchain/risc-v embedded gcc/bin/../lib/gcc/riscv-none-embed/8.2.0/../../../../riscv-none-embed/lib/rv32imacxw/ilp32\libg_nano.a(lib_a-fwalk.o)
 .debug_frame   0x0000000000001dac       0x64 c:/mounriver/mounriver_studio/toolchain/risc-v embedded gcc/bin/../lib/gcc/riscv-none-embed/8.2.0/../../../../riscv-none-embed/lib/rv32imacxw/ilp32\libg_nano.a(lib_a-makebuf.o)
 .debug_frame   0x0000000000001e10       0x40 c:/mounriver/mounriver_studio/toolchain/risc-v embedded gcc/bin/../lib/gcc/riscv-none-embed/8.2.0/../../../../riscv-none-embed/lib/rv32imacxw/ilp32\libg_nano.a(lib_a-nano-freer.o)
 .debug_frame   0x0000000000001e50       0x40 c:/mounriver/mounriver_studio/toolchain/risc-v embedded gcc/bin/../lib/gcc/riscv-none-embed/8.2.0/../../../../riscv-none-embed/lib/rv32imacxw/ilp32\libg_nano.a(lib_a-nano-mallocr.o)
 .debug_frame   0x0000000000001e90       0xd0 c:/mounriver/mounriver_studio/toolchain/risc-v embedded gcc/bin/../lib/gcc/riscv-none-embed/8.2.0/../../../../riscv-none-embed/lib/rv32imacxw/ilp32\libg_nano.a(lib_a-nano-vfprintf.o)
 .debug_frame   0x0000000000001f60       0x8c c:/mounriver/mounriver_studio/toolchain/risc-v embedded gcc/bin/../lib/gcc/riscv-none-embed/8.2.0/../../../../riscv-none-embed/lib/rv32imacxw/ilp32\libg_nano.a(lib_a-nano-vfprintf_i.o)
 .debug_frame   0x0000000000001fec       0x30 c:/mounriver/mounriver_studio/toolchain/risc-v embedded gcc/bin/../lib/gcc/riscv-none-embed/8.2.0/../../../../riscv-none-embed/lib/rv32imacxw/ilp32\libg_nano.a(lib_a-sbrkr.o)
 .debug_frame   0x000000000000201c       0xa4 c:/mounriver/mounriver_studio/toolchain/risc-v embedded gcc/bin/../lib/gcc/riscv-none-embed/8.2.0/../../../../riscv-none-embed/lib/rv32imacxw/ilp32\libg_nano.a(lib_a-stdio.o)
 .debug_frame   0x00000000000020c0       0x30 c:/mounriver/mounriver_studio/toolchain/risc-v embedded gcc/bin/../lib/gcc/riscv-none-embed/8.2.0/../../../../riscv-none-embed/lib/rv32imacxw/ilp32\libg_nano.a(lib_a-writer.o)
 .debug_frame   0x00000000000020f0       0x30 c:/mounriver/mounriver_studio/toolchain/risc-v embedded gcc/bin/../lib/gcc/riscv-none-embed/8.2.0/../../../../riscv-none-embed/lib/rv32imacxw/ilp32\libg_nano.a(lib_a-closer.o)
 .debug_frame   0x0000000000002120       0x30 c:/mounriver/mounriver_studio/toolchain/risc-v embedded gcc/bin/../lib/gcc/riscv-none-embed/8.2.0/../../../../riscv-none-embed/lib/rv32imacxw/ilp32\libg_nano.a(lib_a-fstatr.o)
 .debug_frame   0x0000000000002150       0x30 c:/mounriver/mounriver_studio/toolchain/risc-v embedded gcc/bin/../lib/gcc/riscv-none-embed/8.2.0/../../../../riscv-none-embed/lib/rv32imacxw/ilp32\libg_nano.a(lib_a-isattyr.o)
 .debug_frame   0x0000000000002180       0x30 c:/mounriver/mounriver_studio/toolchain/risc-v embedded gcc/bin/../lib/gcc/riscv-none-embed/8.2.0/../../../../riscv-none-embed/lib/rv32imacxw/ilp32\libg_nano.a(lib_a-lseekr.o)
 .debug_frame   0x00000000000021b0       0x20 c:/mounriver/mounriver_studio/toolchain/risc-v embedded gcc/bin/../lib/gcc/riscv-none-embed/8.2.0/../../../../riscv-none-embed/lib/rv32imacxw/ilp32\libg_nano.a(lib_a-memchr.o)
 .debug_frame   0x00000000000021d0       0x30 c:/mounriver/mounriver_studio/toolchain/risc-v embedded gcc/bin/../lib/gcc/riscv-none-embed/8.2.0/../../../../riscv-none-embed/lib/rv32imacxw/ilp32\libg_nano.a(lib_a-mlock.o)
 .debug_frame   0x0000000000002200       0x30 c:/mounriver/mounriver_studio/toolchain/risc-v embedded gcc/bin/../lib/gcc/riscv-none-embed/8.2.0/../../../../riscv-none-embed/lib/rv32imacxw/ilp32\libg_nano.a(lib_a-readr.o)
 .debug_frame   0x0000000000002230       0x70 c:/mounriver/mounriver_studio/toolchain/risc-v embedded gcc/bin/../lib/gcc/riscv-none-embed/8.2.0/../../../../riscv-none-embed/lib/rv32imacxw/ilp32\libg_nano.a(lib_a-reent.o)
 .debug_frame   0x00000000000022a0       0x20 c:/mounriver/mounriver_studio/toolchain/risc-v embedded gcc/bin/../lib/gcc/riscv-none-embed/8.2.0/../../../../riscv-none-embed/lib/rv32imacxw/ilp32\libnosys.a(close.o)
 .debug_frame   0x00000000000022c0       0x20 c:/mounriver/mounriver_studio/toolchain/risc-v embedded gcc/bin/../lib/gcc/riscv-none-embed/8.2.0/../../../../riscv-none-embed/lib/rv32imacxw/ilp32\libnosys.a(fstat.o)
 .debug_frame   0x00000000000022e0       0x20 c:/mounriver/mounriver_studio/toolchain/risc-v embedded gcc/bin/../lib/gcc/riscv-none-embed/8.2.0/../../../../riscv-none-embed/lib/rv32imacxw/ilp32\libnosys.a(isatty.o)
 .debug_frame   0x0000000000002300       0x20 c:/mounriver/mounriver_studio/toolchain/risc-v embedded gcc/bin/../lib/gcc/riscv-none-embed/8.2.0/../../../../riscv-none-embed/lib/rv32imacxw/ilp32\libnosys.a(lseek.o)
 .debug_frame   0x0000000000002320       0x20 c:/mounriver/mounriver_studio/toolchain/risc-v embedded gcc/bin/../lib/gcc/riscv-none-embed/8.2.0/../../../../riscv-none-embed/lib/rv32imacxw/ilp32\libnosys.a(read.o)

.stab           0x0000000000000000       0x84
 .stab          0x0000000000000000       0x24 c:/mounriver/mounriver_studio/toolchain/risc-v embedded gcc/bin/../lib/gcc/riscv-none-embed/8.2.0/../../../../riscv-none-embed/lib/rv32imacxw/ilp32\libnosys.a(close.o)
 .stab          0x0000000000000024       0x18 c:/mounriver/mounriver_studio/toolchain/risc-v embedded gcc/bin/../lib/gcc/riscv-none-embed/8.2.0/../../../../riscv-none-embed/lib/rv32imacxw/ilp32\libnosys.a(fstat.o)
                                         0x24 (size before relaxing)
 .stab          0x000000000000003c       0x18 c:/mounriver/mounriver_studio/toolchain/risc-v embedded gcc/bin/../lib/gcc/riscv-none-embed/8.2.0/../../../../riscv-none-embed/lib/rv32imacxw/ilp32\libnosys.a(isatty.o)
                                         0x24 (size before relaxing)
 .stab          0x0000000000000054       0x18 c:/mounriver/mounriver_studio/toolchain/risc-v embedded gcc/bin/../lib/gcc/riscv-none-embed/8.2.0/../../../../riscv-none-embed/lib/rv32imacxw/ilp32\libnosys.a(lseek.o)
                                         0x24 (size before relaxing)
 .stab          0x000000000000006c       0x18 c:/mounriver/mounriver_studio/toolchain/risc-v embedded gcc/bin/../lib/gcc/riscv-none-embed/8.2.0/../../../../riscv-none-embed/lib/rv32imacxw/ilp32\libnosys.a(read.o)
                                         0x24 (size before relaxing)

.stabstr        0x0000000000000000      0x117
 .stabstr       0x0000000000000000      0x117 c:/mounriver/mounriver_studio/toolchain/risc-v embedded gcc/bin/../lib/gcc/riscv-none-embed/8.2.0/../../../../riscv-none-embed/lib/rv32imacxw/ilp32\libnosys.a(close.o)
